49.206.222.187 - - [27/Jul/2017:03:12:26 -0400] "GET / HTTP/1.1" 200 4702 "-" "Mozilla/5.0 (Windows NT 10.0; Win64; x64) AppleWebKit/537.36 (KHTML, like Gecko) Chrome/59.0.3071.115 Safari/537.36"
49.206.222.187 - - [27/Jul/2017:03:12:26 -0400] "GET /css/socialstyle.css HTTP/1.1" 404 217 "http://educareit.com/" "Mozilla/5.0 (Windows NT 10.0; Win64; x64) AppleWebKit/537.36 (KHTML, like Gecko) Chrome/59.0.3071.115 Safari/537.36"
49.206.222.187 - - [27/Jul/2017:03:12:31 -0400] "GET /favicon.ico HTTP/1.1" 404 209 "http://educareit.com/" "Mozilla/5.0 (Windows NT 10.0; Win64; x64) AppleWebKit/537.36 (KHTML, like Gecko) Chrome/59.0.3071.115 Safari/537.36"
66.249.65.201 - - [27/Jul/2017:03:12:31 -0400] "GET / HTTP/1.1" 200 4702 "-" "Mozilla/5.0 (Linux; Android 6.0.1; Nexus 5X Build/MMB29P) AppleWebKit/537.36 (KHTML, like Gecko) Chrome/41.0.2272.96 Mobile Safari/537.36 (compatible; Googlebot/2.1; +http://www.google.com/bot.html)"
157.55.39.47 - - [27/Jul/2017:04:20:07 -0400] "GET /robots.txt HTTP/1.1" 404 208 "-" "Mozilla/5.0 (compatible; bingbot/2.0; +http://www.bing.com/bingbot.htm)"
207.46.13.33 - - [27/Jul/2017:04:21:31 -0400] "GET / HTTP/1.1" 200 4702 "-" "Mozilla/5.0 (iPhone; CPU iPhone OS 7_0 like Mac OS X) AppleWebKit/537.51.1 (KHTML, like Gecko) Version/7.0 Mobile/11A465 Safari/9537.53 (compatible; bingbot/2.0; +http://www.bing.com/bingbot.htm)"
199.30.24.62 - - [27/Jul/2017:04:21:42 -0400] "GET /css/socialstyle.css HTTP/1.1" 404 217 "-" "Mozilla/5.0 (iPhone; CPU iPhone OS 7_0 like Mac OS X) AppleWebKit/537.51.1 (KHTML, like Gecko) Version/7.0 Mobile/11A465 Safari/9537.53 BingPreview/1.0b"
157.55.39.96 - - [27/Jul/2017:04:31:41 -0400] "GET /robots.txt HTTP/1.1" 404 208 "-" "Mozilla/5.0 (compatible; bingbot/2.0; +http://www.bing.com/bingbot.htm)"
52.23.236.0 - - [27/Jul/2017:04:33:24 -0400] "GET / HTTP/1.1" 200 4702 "-" "Mozilla/5.0 (Macintosh; Intel Mac OS X 10_12_5) AppleWebKit/537.36 (KHTML, like Gecko) Chrome/58.0.3029.110 Safari/537.36"
207.46.13.33 - - [27/Jul/2017:04:48:14 -0400] "GET / HTTP/1.1" 200 4702 "-" "Mozilla/5.0 (compatible; bingbot/2.0; +http://www.bing.com/bingbot.htm)"
65.55.210.193 - - [27/Jul/2017:04:48:29 -0400] "GET /css/socialstyle.css HTTP/1.1" 404 217 "-" "Mozilla/5.0 (Windows NT 6.1; WOW64) AppleWebKit/534+ (KHTML, like Gecko) BingPreview/1.0b"
157.55.39.96 - - [27/Jul/2017:04:50:48 -0400] "GET /robots.txt HTTP/1.1" 404 208 "-" "Mozilla/5.0 (compatible; bingbot/2.0; +http://www.bing.com/bingbot.htm)"
66.249.65.197 - - [27/Jul/2017:05:00:01 -0400] "GET / HTTP/1.1" 200 4702 "-" "Mozilla/5.0 (Linux; Android 6.0.1; Nexus 5X Build/MMB29P) AppleWebKit/537.36 (KHTML, like Gecko) Chrome/41.0.2272.96 Mobile Safari/537.36 (compatible; Googlebot/2.1; +http://www.google.com/bot.html)"
66.249.65.201 - - [27/Jul/2017:06:04:15 -0400] "GET / HTTP/1.1" 200 4702 "-" "Mozilla/5.0 (Linux; Android 6.0.1; Nexus 5X Build/MMB29P) AppleWebKit/537.36 (KHTML, like Gecko) Chrome/41.0.2272.96 Mobile Safari/537.36 (compatible; Googlebot/2.1; +http://www.google.com/bot.html)"
115.97.184.91 - - [27/Jul/2017:06:26:20 -0400] "GET / HTTP/1.1" 200 4702 "-" "Mozilla/5.0 (Windows NT 6.1; Win64; x64) AppleWebKit/537.36 (KHTML, like Gecko) Chrome/59.0.3071.115 Safari/537.36"
115.97.184.91 - - [27/Jul/2017:06:26:20 -0400] "GET /css/socialstyle.css HTTP/1.1" 404 217 "http://educareit.com/" "Mozilla/5.0 (Windows NT 6.1; Win64; x64) AppleWebKit/537.36 (KHTML, like Gecko) Chrome/59.0.3071.115 Safari/537.36"
115.97.184.91 - - [27/Jul/2017:06:26:42 -0400] "GET /favicon.ico HTTP/1.1" 404 209 "http://educareit.com/" "Mozilla/5.0 (Windows NT 6.1; Win64; x64) AppleWebKit/537.36 (KHTML, like Gecko) Chrome/59.0.3071.115 Safari/537.36"
66.249.65.201 - - [27/Jul/2017:06:48:44 -0400] "GET / HTTP/1.1" 200 4702 "-" "Mozilla/5.0 (Linux; Android 6.0.1; Nexus 5X Build/MMB29P) AppleWebKit/537.36 (KHTML, like Gecko) Chrome/41.0.2272.96 Mobile Safari/537.36 (compatible; Googlebot/2.1; +http://www.google.com/bot.html)"
66.249.65.201 - - [27/Jul/2017:07:24:19 -0400] "GET / HTTP/1.1" 200 4702 "-" "Mozilla/5.0 (Linux; Android 6.0.1; Nexus 5X Build/MMB29P) AppleWebKit/537.36 (KHTML, like Gecko) Chrome/41.0.2272.96 Mobile Safari/537.36 (compatible; Googlebot/2.1; +http://www.google.com/bot.html)"
66.249.65.199 - - [27/Jul/2017:09:29:36 -0400] "GET / HTTP/1.1" 200 4702 "-" "Mozilla/5.0 (Linux; Android 6.0.1; Nexus 5X Build/MMB29P) AppleWebKit/537.36 (KHTML, like Gecko) Chrome/41.0.2272.96 Mobile Safari/537.36 (compatible; Googlebot/2.1; +http://www.google.com/bot.html)"
66.249.65.199 - - [27/Jul/2017:10:31:55 -0400] "GET / HTTP/1.1" 200 4702 "-" "Mozilla/5.0 (Linux; Android 6.0.1; Nexus 5X Build/MMB29P) AppleWebKit/537.36 (KHTML, like Gecko) Chrome/41.0.2272.96 Mobile Safari/537.36 (compatible; Googlebot/2.1; +http://www.google.com/bot.html)"
104.131.171.210 - - [27/Jul/2017:10:33:21 -0400] "GET /robots.txt HTTP/1.1" 404 208 "-" "Mozilla/5.0 (compatible; spbot/5.0.3; +http://OpenLinkProfiler.org/bot )"
104.131.171.210 - - [27/Jul/2017:10:33:22 -0400] "GET /robots.txt HTTP/1.1" 404 208 "-" "Mozilla/5.0 (compatible; spbot/5.0.3; +http://OpenLinkProfiler.org/bot )"
104.131.171.210 - - [27/Jul/2017:10:33:27 -0400] "GET / HTTP/1.1" 200 4702 "-" "Mozilla/5.0 (compatible; spbot/5.0.3; +http://OpenLinkProfiler.org/bot )"
66.249.65.201 - - [27/Jul/2017:12:03:27 -0400] "GET /robots.txt HTTP/1.1" 404 208 "-" "Mozilla/5.0 (compatible; Googlebot/2.1; +http://www.google.com/bot.html)"
66.249.65.197 - - [27/Jul/2017:12:03:27 -0400] "GET / HTTP/1.1" 200 4702 "-" "Mozilla/5.0 (Linux; Android 6.0.1; Nexus 5X Build/MMB29P) AppleWebKit/537.36 (KHTML, like Gecko) Chrome/41.0.2272.96 Mobile Safari/537.36 (compatible; Googlebot/2.1; +http://www.google.com/bot.html)"
66.249.65.201 - - [27/Jul/2017:12:48:04 -0400] "GET / HTTP/1.1" 200 4702 "-" "Mozilla/5.0 (Linux; Android 6.0.1; Nexus 5X Build/MMB29P) AppleWebKit/537.36 (KHTML, like Gecko) Chrome/41.0.2272.96 Mobile Safari/537.36 (compatible; Googlebot/2.1; +http://www.google.com/bot.html)"
66.249.65.201 - - [27/Jul/2017:15:13:27 -0400] "GET / HTTP/1.1" 200 4702 "-" "Mozilla/5.0 (Linux; Android 6.0.1; Nexus 5X Build/MMB29P) AppleWebKit/537.36 (KHTML, like Gecko) Chrome/41.0.2272.96 Mobile Safari/537.36 (compatible; Googlebot/2.1; +http://www.google.com/bot.html)"
66.249.65.201 - - [27/Jul/2017:15:24:15 -0400] "GET /images/tableau.jpg HTTP/1.1" 304 - "-" "Googlebot-Image/1.0"
157.55.39.152 - - [27/Jul/2017:17:47:41 -0400] "GET / HTTP/1.1" 200 4702 "-" "Mozilla/5.0 (compatible; bingbot/2.0; +http://www.bing.com/bingbot.htm)"
66.249.65.201 - - [27/Jul/2017:19:27:50 -0400] "GET / HTTP/1.1" 200 4702 "-" "Mozilla/5.0 (Linux; Android 6.0.1; Nexus 5X Build/MMB29P) AppleWebKit/537.36 (KHTML, like Gecko) Chrome/41.0.2272.96 Mobile Safari/537.36 (compatible; Googlebot/2.1; +http://www.google.com/bot.html)"
66.249.65.199 - - [27/Jul/2017:19:27:54 -0400] "GET /css/socialstyle.css HTTP/1.1" 404 217 "http://www.educareit.com/" "Mozilla/5.0 (compatible; Googlebot/2.1; +http://www.google.com/bot.html)"
66.249.65.199 - - [27/Jul/2017:20:53:05 -0400] "GET / HTTP/1.1" 200 4702 "-" "Mozilla/5.0 (Linux; Android 6.0.1; Nexus 5X Build/MMB29P) AppleWebKit/537.36 (KHTML, like Gecko) Chrome/41.0.2272.96 Mobile Safari/537.36 (compatible; Googlebot/2.1; +http://www.google.com/bot.html)"
66.249.65.201 - - [27/Jul/2017:21:57:47 -0400] "GET / HTTP/1.1" 200 4702 "-" "Mozilla/5.0 (Linux; Android 6.0.1; Nexus 5X Build/MMB29P) AppleWebKit/537.36 (KHTML, like Gecko) Chrome/41.0.2272.96 Mobile Safari/537.36 (compatible; Googlebot/2.1; +http://www.google.com/bot.html)"
131.161.8.210 - - [27/Jul/2017:23:21:08 -0400] "GET / HTTP/1.1" 200 4702 "-" "Mozilla/5.0 (Windows NT 5.1; rv:6.0.2) Gecko/20100101 Firefox/6.0.2"
66.249.65.201 - - [27/Jul/2017:23:21:53 -0400] "GET /images/kafka.png HTTP/1.1" 304 - "-" "Googlebot-Image/1.0"
66.249.65.201 - - [27/Jul/2017:23:31:41 -0400] "GET / HTTP/1.1" 200 4702 "-" "Mozilla/5.0 (Linux; Android 6.0.1; Nexus 5X Build/MMB29P) AppleWebKit/537.36 (KHTML, like Gecko) Chrome/41.0.2272.96 Mobile Safari/537.36 (compatible; Googlebot/2.1; +http://www.google.com/bot.html)"
104.193.88.244 - - [27/Jul/2017:23:37:13 -0400] "GET / HTTP/1.1" 304 - "-" "Mozilla/5.0 (Windows NT 10.0; WOW64) AppleWebKit/537.36 (KHTML, like Gecko) Chrome/45.0.2454.93 Safari/537.36"
66.249.65.197 - - [27/Jul/2017:23:46:00 -0400] "GET /images/wherescape.jpg HTTP/1.1" 304 - "-" "Googlebot-Image/1.0"
66.249.65.197 - - [28/Jul/2017:00:10:14 -0400] "GET /images/quilkview.jpg HTTP/1.1" 304 - "-" "Googlebot-Image/1.0"
66.249.65.197 - - [28/Jul/2017:00:10:14 -0400] "GET /robots.txt HTTP/1.1" 404 208 "-" "Mozilla/5.0 (compatible; Googlebot/2.1; +http://www.google.com/bot.html)"
66.249.65.197 - - [28/Jul/2017:01:02:45 -0400] "GET / HTTP/1.1" 200 4702 "-" "Mozilla/5.0 (Linux; Android 6.0.1; Nexus 5X Build/MMB29P) AppleWebKit/537.36 (KHTML, like Gecko) Chrome/41.0.2272.96 Mobile Safari/537.36 (compatible; Googlebot/2.1; +http://www.google.com/bot.html)"
183.83.195.213 - - [28/Jul/2017:02:03:52 -0400] "GET / HTTP/1.1" 200 4702 "-" "Mozilla/5.0 (Windows NT 10.0; Win64; x64) AppleWebKit/537.36 (KHTML, like Gecko) Chrome/59.0.3071.115 Safari/537.36"
183.83.195.213 - - [28/Jul/2017:02:03:53 -0400] "GET /css/socialstyle.css HTTP/1.1" 404 - "http://educareit.com/" "Mozilla/5.0 (Windows NT 10.0; Win64; x64) AppleWebKit/537.36 (KHTML, like Gecko) Chrome/59.0.3071.115 Safari/537.36"
183.83.195.213 - - [28/Jul/2017:02:03:58 -0400] "GET /favicon.ico HTTP/1.1" 404 - "http://educareit.com/" "Mozilla/5.0 (Windows NT 10.0; Win64; x64) AppleWebKit/537.36 (KHTML, like Gecko) Chrome/59.0.3071.115 Safari/537.36"
66.249.65.201 - - [28/Jul/2017:02:28:10 -0400] "GET / HTTP/1.1" 200 4702 "-" "Mozilla/5.0 (Linux; Android 6.0.1; Nexus 5X Build/MMB29P) AppleWebKit/537.36 (KHTML, like Gecko) Chrome/41.0.2272.96 Mobile Safari/537.36 (compatible; Googlebot/2.1; +http://www.google.com/bot.html)"
66.249.65.201 - - [28/Jul/2017:03:31:41 -0400] "GET / HTTP/1.1" 200 4702 "-" "Mozilla/5.0 (Linux; Android 6.0.1; Nexus 5X Build/MMB29P) AppleWebKit/537.36 (KHTML, like Gecko) Chrome/41.0.2272.96 Mobile Safari/537.36 (compatible; Googlebot/2.1; +http://www.google.com/bot.html)"
34.201.60.255 - - [28/Jul/2017:04:26:51 -0400] "GET / HTTP/1.1" 200 4702 "-" "Mozilla/5.0 (Macintosh; Intel Mac OS X 10_12_5) AppleWebKit/537.36 (KHTML, like Gecko) Chrome/58.0.3029.110 Safari/537.36"
151.80.39.174 - - [28/Jul/2017:04:36:11 -0400] "GET /robots.txt HTTP/1.1" 404 - "-" "Mozilla/5.0 (compatible; AhrefsBot/5.2; +http://ahrefs.com/robot/)"
217.182.132.95 - - [28/Jul/2017:04:36:12 -0400] "GET / HTTP/1.1" 200 4702 "-" "Mozilla/5.0 (compatible; AhrefsBot/5.2; +http://ahrefs.com/robot/)"
66.249.65.201 - - [28/Jul/2017:05:04:10 -0400] "GET / HTTP/1.1" 200 4702 "-" "Mozilla/5.0 (Linux; Android 6.0.1; Nexus 5X Build/MMB29P) AppleWebKit/537.36 (KHTML, like Gecko) Chrome/41.0.2272.96 Mobile Safari/537.36 (compatible; Googlebot/2.1; +http://www.google.com/bot.html)"
104.193.88.244 - - [28/Jul/2017:05:09:16 -0400] "GET / HTTP/1.1" 304 - "-" "Mozilla/5.0 (Windows NT 10.0; WOW64) AppleWebKit/537.36 (KHTML, like Gecko) Chrome/45.0.2454.93 Safari/537.36"
66.249.65.197 - - [28/Jul/2017:06:29:35 -0400] "GET / HTTP/1.1" 200 4702 "-" "Mozilla/5.0 (Linux; Android 6.0.1; Nexus 5X Build/MMB29P) AppleWebKit/537.36 (KHTML, like Gecko) Chrome/41.0.2272.96 Mobile Safari/537.36 (compatible; Googlebot/2.1; +http://www.google.com/bot.html)"
115.110.137.234 - - [28/Jul/2017:06:30:10 -0400] "GET /images/zookeeper.png HTTP/1.1" 200 8266 "https://www.google.co.in/" "Mozilla/5.0 (Windows NT 6.3; Win64; x64) AppleWebKit/537.36 (KHTML, like Gecko) Chrome/59.0.3071.115 Safari/537.36"
27.63.48.193 - - [28/Jul/2017:07:08:08 -0400] "GET /webmail HTTP/1.1" 301 - "-" "Mozilla/5.0 (Windows NT 10.0; Win64; x64) AppleWebKit/537.36 (KHTML, like Gecko) Chrome/59.0.3071.115 Safari/537.36"
157.55.39.25 - - [28/Jul/2017:07:29:32 -0400] "GET /robots.txt HTTP/1.1" 404 - "-" "Mozilla/5.0 (compatible; bingbot/2.0; +http://www.bing.com/bingbot.htm)"
157.55.39.152 - - [28/Jul/2017:07:33:28 -0400] "GET / HTTP/1.1" 200 4702 "-" "Mozilla/5.0 (compatible; bingbot/2.0; +http://www.bing.com/bingbot.htm)"
66.249.65.201 - - [28/Jul/2017:07:56:45 -0400] "GET / HTTP/1.1" 200 4702 "-" "Mozilla/5.0 (Linux; Android 6.0.1; Nexus 5X Build/MMB29P) AppleWebKit/537.36 (KHTML, like Gecko) Chrome/41.0.2272.96 Mobile Safari/537.36 (compatible; Googlebot/2.1; +http://www.google.com/bot.html)"
66.249.65.201 - - [28/Jul/2017:09:11:25 -0400] "GET / HTTP/1.1" 200 4702 "-" "Mozilla/5.0 (Linux; Android 6.0.1; Nexus 5X Build/MMB29P) AppleWebKit/537.36 (KHTML, like Gecko) Chrome/41.0.2272.96 Mobile Safari/537.36 (compatible; Googlebot/2.1; +http://www.google.com/bot.html)"
27.63.7.219 - - [28/Jul/2017:09:40:14 -0400] "GET /css/socialstyle.css HTTP/1.1" 404 - "http://educareit.com/" "Mozilla/5.0 (Windows NT 10.0; Win64; x64) AppleWebKit/537.36 (KHTML, like Gecko) Chrome/59.0.3071.115 Safari/537.36"
27.63.7.219 - - [28/Jul/2017:09:40:16 -0400] "GET /favicon.ico HTTP/1.1" 404 - "http://educareit.com/" "Mozilla/5.0 (Windows NT 10.0; Win64; x64) AppleWebKit/537.36 (KHTML, like Gecko) Chrome/59.0.3071.115 Safari/537.36"
223.231.63.199 - - [28/Jul/2017:10:41:30 -0400] "GET / HTTP/1.1" 200 4702 "-" "Mozilla/5.0 (Windows NT 10.0; Win64; x64) AppleWebKit/537.36 (KHTML, like Gecko) Chrome/59.0.3071.115 Safari/537.36"
223.231.63.199 - - [28/Jul/2017:10:41:30 -0400] "GET /css/socialstyle.css HTTP/1.1" 404 - "http://educareit.com/" "Mozilla/5.0 (Windows NT 10.0; Win64; x64) AppleWebKit/537.36 (KHTML, like Gecko) Chrome/59.0.3071.115 Safari/537.36"
223.231.63.199 - - [28/Jul/2017:10:41:44 -0400] "GET /favicon.ico HTTP/1.1" 404 - "http://educareit.com/" "Mozilla/5.0 (Windows NT 10.0; Win64; x64) AppleWebKit/537.36 (KHTML, like Gecko) Chrome/59.0.3071.115 Safari/537.36"
202.65.144.158 - - [28/Jul/2017:10:48:03 -0400] "GET / HTTP/1.1" 200 4702 "-" "Mozilla/5.0 (Windows NT 10.0) AppleWebKit/537.36 (KHTML, like Gecko) Chrome/59.0.3071.115 Safari/537.36"
202.65.144.158 - - [28/Jul/2017:10:48:04 -0400] "GET /css/socialstyle.css HTTP/1.1" 404 - "http://educareit.com/" "Mozilla/5.0 (Windows NT 10.0) AppleWebKit/537.36 (KHTML, like Gecko) Chrome/59.0.3071.115 Safari/537.36"
202.65.144.158 - - [28/Jul/2017:10:48:10 -0400] "GET /favicon.ico HTTP/1.1" 404 - "http://educareit.com/" "Mozilla/5.0 (Windows NT 10.0) AppleWebKit/537.36 (KHTML, like Gecko) Chrome/59.0.3071.115 Safari/537.36"
66.249.65.197 - - [28/Jul/2017:11:48:18 -0400] "GET / HTTP/1.1" 200 4702 "-" "Mozilla/5.0 (Linux; Android 6.0.1; Nexus 5X Build/MMB29P) AppleWebKit/537.36 (KHTML, like Gecko) Chrome/41.0.2272.96 Mobile Safari/537.36 (compatible; Googlebot/2.1; +http://www.google.com/bot.html)"
66.249.65.201 - - [28/Jul/2017:13:35:17 -0400] "GET /robots.txt HTTP/1.1" 404 - "-" "Mozilla/5.0 (compatible; Googlebot/2.1; +http://www.google.com/bot.html)"
66.249.65.197 - - [28/Jul/2017:13:35:17 -0400] "GET / HTTP/1.1" 200 4702 "-" "Mozilla/5.0 (Linux; Android 6.0.1; Nexus 5X Build/MMB29P) AppleWebKit/537.36 (KHTML, like Gecko) Chrome/41.0.2272.96 Mobile Safari/537.36 (compatible; Googlebot/2.1; +http://www.google.com/bot.html)"
66.249.65.197 - - [28/Jul/2017:14:48:32 -0400] "GET / HTTP/1.1" 200 4702 "-" "Mozilla/5.0 (Linux; Android 6.0.1; Nexus 5X Build/MMB29P) AppleWebKit/537.36 (KHTML, like Gecko) Chrome/41.0.2272.96 Mobile Safari/537.36 (compatible; Googlebot/2.1; +http://www.google.com/bot.html)"
66.249.65.199 - - [28/Jul/2017:15:50:26 -0400] "GET / HTTP/1.1" 200 4702 "-" "Mozilla/5.0 (Linux; Android 6.0.1; Nexus 5X Build/MMB29P) AppleWebKit/537.36 (KHTML, like Gecko) Chrome/41.0.2272.96 Mobile Safari/537.36 (compatible; Googlebot/2.1; +http://www.google.com/bot.html)"
66.249.65.201 - - [28/Jul/2017:18:36:33 -0400] "GET / HTTP/1.1" 200 4702 "-" "Mozilla/5.0 (Linux; Android 6.0.1; Nexus 5X Build/MMB29P) AppleWebKit/537.36 (KHTML, like Gecko) Chrome/41.0.2272.96 Mobile Safari/537.36 (compatible; Googlebot/2.1; +http://www.google.com/bot.html)"
66.249.65.199 - - [28/Jul/2017:20:18:15 -0400] "GET / HTTP/1.1" 200 4702 "-" "Mozilla/5.0 (Linux; Android 6.0.1; Nexus 5X Build/MMB29P) AppleWebKit/537.36 (KHTML, like Gecko) Chrome/41.0.2272.96 Mobile Safari/537.36 (compatible; Googlebot/2.1; +http://www.google.com/bot.html)"
66.249.65.199 - - [28/Jul/2017:20:19:22 -0400] "GET /css/socialstyle.css HTTP/1.1" 404 - "http://www.educareit.com/" "Mozilla/5.0 (compatible; Googlebot/2.1; +http://www.google.com/bot.html)"
157.55.39.228 - - [28/Jul/2017:20:36:34 -0400] "GET / HTTP/1.1" 200 4702 "-" "Mozilla/5.0 (compatible; bingbot/2.0; +http://www.bing.com/bingbot.htm)"
104.193.88.244 - - [28/Jul/2017:20:57:02 -0400] "GET / HTTP/1.1" 304 - "-" "Mozilla/5.0 (Windows NT 10.0; WOW64) AppleWebKit/537.36 (KHTML, like Gecko) Chrome/45.0.2454.93 Safari/537.36"
66.249.65.201 - - [28/Jul/2017:23:02:01 -0400] "GET / HTTP/1.1" 200 4702 "-" "Mozilla/5.0 (Linux; Android 6.0.1; Nexus 5X Build/MMB29P) AppleWebKit/537.36 (KHTML, like Gecko) Chrome/41.0.2272.96 Mobile Safari/537.36 (compatible; Googlebot/2.1; +http://www.google.com/bot.html)"
66.249.65.201 - - [29/Jul/2017:01:02:51 -0400] "GET / HTTP/1.1" 200 4702 "-" "Mozilla/5.0 (Linux; Android 6.0.1; Nexus 5X Build/MMB29P) AppleWebKit/537.36 (KHTML, like Gecko) Chrome/41.0.2272.96 Mobile Safari/537.36 (compatible; Googlebot/2.1; +http://www.google.com/bot.html)"
207.46.13.76 - - [29/Jul/2017:01:03:41 -0400] "GET /robots.txt HTTP/1.1" 404 - "-" "Mozilla/5.0 (compatible; bingbot/2.0; +http://www.bing.com/bingbot.htm)"
40.77.167.98 - - [29/Jul/2017:01:18:58 -0400] "GET / HTTP/1.1" 200 4702 "-" "Mozilla/5.0 (iPhone; CPU iPhone OS 7_0 like Mac OS X) AppleWebKit/537.51.1 (KHTML, like Gecko) Version/7.0 Mobile/11A465 Safari/9537.53 (compatible; bingbot/2.0; +http://www.bing.com/bingbot.htm)"
65.55.210.54 - - [29/Jul/2017:01:19:09 -0400] "GET /css/socialstyle.css HTTP/1.1" 404 - "http://educareit.com/" "Mozilla/5.0 (iPhone; CPU iPhone OS 7_0 like Mac OS X) AppleWebKit/537.51.1 (KHTML, like Gecko) Version/7.0 Mobile/11A465 Safari/9537.53 BingPreview/1.0b"
40.77.167.14 - - [29/Jul/2017:01:19:11 -0400] "GET /robots.txt HTTP/1.1" 404 - "-" "Mozilla/5.0 (compatible; bingbot/2.0; +http://www.bing.com/bingbot.htm)"
183.83.195.213 - - [29/Jul/2017:02:04:38 -0400] "GET /css/socialstyle.css HTTP/1.1" 404 - "http://educareit.com/" "Mozilla/5.0 (Windows NT 10.0; Win64; x64) AppleWebKit/537.36 (KHTML, like Gecko) Chrome/59.0.3071.115 Safari/537.36"
66.249.65.201 - - [29/Jul/2017:02:24:26 -0400] "GET /robots.txt HTTP/1.1" 404 - "-" "Mozilla/5.0 (compatible; Googlebot/2.1; +http://www.google.com/bot.html)"
66.249.65.201 - - [29/Jul/2017:02:24:26 -0400] "GET / HTTP/1.1" 200 4702 "-" "Mozilla/5.0 (Linux; Android 6.0.1; Nexus 5X Build/MMB29P) AppleWebKit/537.36 (KHTML, like Gecko) Chrome/41.0.2272.96 Mobile Safari/537.36 (compatible; Googlebot/2.1; +http://www.google.com/bot.html)"
66.249.65.197 - - [29/Jul/2017:03:58:29 -0400] "GET / HTTP/1.1" 200 4702 "-" "Mozilla/5.0 (Linux; Android 6.0.1; Nexus 5X Build/MMB29P) AppleWebKit/537.36 (KHTML, like Gecko) Chrome/41.0.2272.96 Mobile Safari/537.36 (compatible; Googlebot/2.1; +http://www.google.com/bot.html)"
131.161.8.202 - - [29/Jul/2017:06:34:30 -0400] "GET / HTTP/1.1" 200 4702 "-" "Mozilla/5.0 (Windows NT 5.1; rv:6.0.2) Gecko/20100101 Firefox/6.0.2"
66.249.65.199 - - [29/Jul/2017:07:48:06 -0400] "GET / HTTP/1.1" 200 4702 "-" "Mozilla/5.0 (Linux; Android 6.0.1; Nexus 5X Build/MMB29P) AppleWebKit/537.36 (KHTML, like Gecko) Chrome/41.0.2272.96 Mobile Safari/537.36 (compatible; Googlebot/2.1; +http://www.google.com/bot.html)"
192.187.109.42 - - [29/Jul/2017:08:04:08 -0400] "GET /robots.txt HTTP/1.1" 404 - "-" "Mozilla/5.0 (Windows NT 10.0; WOW64) AppleWebKit/537.36 (KHTML, like Gecko) Chrome/49.0.2623.75 Safari/537.36 OPR/36.0.2130.32"
192.187.109.42 - - [29/Jul/2017:08:04:08 -0400] "GET / HTTP/1.1" 200 14439 "-" "Mozilla/5.0 (Windows NT 10.0; WOW64) AppleWebKit/537.36 (KHTML, like Gecko) Chrome/49.0.2623.75 Safari/537.36 OPR/36.0.2130.32"
192.187.109.42 - - [29/Jul/2017:08:04:08 -0400] "GET /xmlrpc.php?rsd HTTP/1.1" 404 - "-" "Mozilla/5.0 (Windows NT 10.0; WOW64) AppleWebKit/537.36 (KHTML, like Gecko) Chrome/49.0.2623.75 Safari/537.36 OPR/36.0.2130.32"
192.187.109.42 - - [29/Jul/2017:08:04:08 -0400] "GET /blog/robots.txt HTTP/1.1" 404 - "-" "Mozilla/5.0 (Windows NT 10.0; WOW64) AppleWebKit/537.36 (KHTML, like Gecko) Chrome/49.0.2623.75 Safari/537.36 OPR/36.0.2130.32"
192.187.109.42 - - [29/Jul/2017:08:04:08 -0400] "GET /blog/ HTTP/1.1" 404 - "-" "Mozilla/5.0 (Windows NT 10.0; WOW64) AppleWebKit/537.36 (KHTML, like Gecko) Chrome/49.0.2623.75 Safari/537.36 OPR/36.0.2130.32"
192.187.109.42 - - [29/Jul/2017:08:04:08 -0400] "GET /wordpress/ HTTP/1.1" 404 - "-" "Mozilla/5.0 (Windows NT 10.0; WOW64) AppleWebKit/537.36 (KHTML, like Gecko) Chrome/49.0.2623.75 Safari/537.36 OPR/36.0.2130.32"
192.187.109.42 - - [29/Jul/2017:08:04:08 -0400] "GET /wp/ HTTP/1.1" 404 - "-" "Mozilla/5.0 (Windows NT 10.0; WOW64) AppleWebKit/537.36 (KHTML, like Gecko) Chrome/49.0.2623.75 Safari/537.36 OPR/36.0.2130.32"
192.187.109.42 - - [29/Jul/2017:08:04:08 -0400] "GET /robots.txt HTTP/1.1" 404 - "-" "Mozilla/5.0 (Windows NT 10.0; WOW64) AppleWebKit/537.36 (KHTML, like Gecko) Chrome/49.0.2623.75 Safari/537.36 OPR/36.0.2130.32"
192.187.109.42 - - [29/Jul/2017:08:04:08 -0400] "GET /administrator/index.php HTTP/1.1" 404 - "-" "Mozilla/5.0 (Windows NT 10.0; WOW64) AppleWebKit/537.36 (KHTML, like Gecko) Chrome/49.0.2623.75 Safari/537.36 OPR/36.0.2130.32"
192.187.109.42 - - [29/Jul/2017:08:04:08 -0400] "GET /blog/robots.txt HTTP/1.1" 404 - "-" "Mozilla/5.0 (Windows NT 10.0; WOW64) AppleWebKit/537.36 (KHTML, like Gecko) Chrome/49.0.2623.75 Safari/537.36 OPR/36.0.2130.32"
192.187.109.42 - - [29/Jul/2017:08:04:08 -0400] "GET /blog/administrator/index.php HTTP/1.1" 404 - "-" "Mozilla/5.0 (Windows NT 10.0; WOW64) AppleWebKit/537.36 (KHTML, like Gecko) Chrome/49.0.2623.75 Safari/537.36 OPR/36.0.2130.32"
192.187.109.42 - - [29/Jul/2017:08:04:08 -0400] "GET /joomla/robots.txt HTTP/1.1" 404 - "-" "Mozilla/5.0 (Windows NT 10.0; WOW64) AppleWebKit/537.36 (KHTML, like Gecko) Chrome/49.0.2623.75 Safari/537.36 OPR/36.0.2130.32"
192.187.109.42 - - [29/Jul/2017:08:04:08 -0400] "GET /joomla/administrator/index.php HTTP/1.1" 404 - "-" "Mozilla/5.0 (Windows NT 10.0; WOW64) AppleWebKit/537.36 (KHTML, like Gecko) Chrome/49.0.2623.75 Safari/537.36 OPR/36.0.2130.32"
192.187.109.42 - - [29/Jul/2017:08:04:08 -0400] "GET /index.php?option=com_myblog&task=ajaxupload HTTP/1.1" 404 - "-" "Mozilla/5.0 (Windows NT 10.0; WOW64) AppleWebKit/537.36 (KHTML, like Gecko) Chrome/49.0.2623.75 Safari/537.36 OPR/36.0.2130.32"
192.187.109.42 - - [29/Jul/2017:08:04:08 -0400] "GET /index.php?option=com_adsmanager&task=upload&tmpl=component HTTP/1.1" 404 - "-" "Mozilla/5.0 (Windows NT 10.0; WOW64) AppleWebKit/537.36 (KHTML, like Gecko) Chrome/49.0.2623.75 Safari/537.36 OPR/36.0.2130.32"
66.249.65.201 - - [29/Jul/2017:09:30:12 -0400] "GET / HTTP/1.1" 200 4702 "-" "Mozilla/5.0 (Linux; Android 6.0.1; Nexus 5X Build/MMB29P) AppleWebKit/537.36 (KHTML, like Gecko) Chrome/41.0.2272.96 Mobile Safari/537.36 (compatible; Googlebot/2.1; +http://www.google.com/bot.html)"
157.55.39.215 - - [29/Jul/2017:09:38:23 -0400] "GET / HTTP/1.1" 200 4702 "-" "Mozilla/5.0 (compatible; bingbot/2.0; +http://www.bing.com/bingbot.htm)"
66.249.65.197 - - [29/Jul/2017:10:59:55 -0400] "GET / HTTP/1.1" 200 4702 "-" "Mozilla/5.0 (Linux; Android 6.0.1; Nexus 5X Build/MMB29P) AppleWebKit/537.36 (KHTML, like Gecko) Chrome/41.0.2272.96 Mobile Safari/537.36 (compatible; Googlebot/2.1; +http://www.google.com/bot.html)"
66.249.65.199 - - [29/Jul/2017:11:03:59 -0400] "GET / HTTP/1.1" 200 4702 "-" "Mozilla/5.0 (Linux; Android 6.0.1; Nexus 5X Build/MMB29P) AppleWebKit/537.36 (KHTML, like Gecko) Chrome/41.0.2272.96 Mobile Safari/537.36 (compatible; Googlebot/2.1; +http://www.google.com/bot.html)"
49.206.220.226 - - [29/Jul/2017:11:44:43 -0400] "GET / HTTP/1.1" 200 4702 "-" "Mozilla/5.0 (Windows NT 10.0; Win64; x64) AppleWebKit/537.36 (KHTML, like Gecko) Chrome/59.0.3071.115 Safari/537.36"
49.206.220.226 - - [29/Jul/2017:11:44:43 -0400] "GET /css/socialstyle.css HTTP/1.1" 404 - "http://educareit.com/" "Mozilla/5.0 (Windows NT 10.0; Win64; x64) AppleWebKit/537.36 (KHTML, like Gecko) Chrome/59.0.3071.115 Safari/537.36"
49.206.220.226 - - [29/Jul/2017:11:44:48 -0400] "GET /favicon.ico HTTP/1.1" 404 - "http://educareit.com/" "Mozilla/5.0 (Windows NT 10.0; Win64; x64) AppleWebKit/537.36 (KHTML, like Gecko) Chrome/59.0.3071.115 Safari/537.36"
66.249.65.197 - - [29/Jul/2017:12:34:21 -0400] "GET / HTTP/1.1" 200 4702 "-" "Mozilla/5.0 (Linux; Android 6.0.1; Nexus 5X Build/MMB29P) AppleWebKit/537.36 (KHTML, like Gecko) Chrome/41.0.2272.96 Mobile Safari/537.36 (compatible; Googlebot/2.1; +http://www.google.com/bot.html)"
124.123.77.130 - - [29/Jul/2017:12:35:24 -0400] "GET / HTTP/1.1" 200 4702 "-" "Mozilla/5.0 (Macintosh; Intel Mac OS X 10_12_4) AppleWebKit/537.36 (KHTML, like Gecko) Chrome/59.0.3071.115 Safari/537.36"
124.123.77.130 - - [29/Jul/2017:12:35:25 -0400] "GET /css/socialstyle.css HTTP/1.1" 404 - "http://educareit.com/" "Mozilla/5.0 (Macintosh; Intel Mac OS X 10_12_4) AppleWebKit/537.36 (KHTML, like Gecko) Chrome/59.0.3071.115 Safari/537.36"
124.123.77.130 - - [29/Jul/2017:12:35:27 -0400] "GET /favicon.ico HTTP/1.1" 404 - "http://educareit.com/" "Mozilla/5.0 (Macintosh; Intel Mac OS X 10_12_4) AppleWebKit/537.36 (KHTML, like Gecko) Chrome/59.0.3071.115 Safari/537.36"
66.249.65.197 - - [29/Jul/2017:13:21:01 -0400] "GET /images/mapr.png HTTP/1.1" 304 - "-" "Googlebot-Image/1.0"
66.249.65.201 - - [29/Jul/2017:14:01:41 -0400] "GET / HTTP/1.1" 200 4702 "-" "Mozilla/5.0 (Linux; Android 6.0.1; Nexus 5X Build/MMB29P) AppleWebKit/537.36 (KHTML, like Gecko) Chrome/41.0.2272.96 Mobile Safari/537.36 (compatible; Googlebot/2.1; +http://www.google.com/bot.html)"
66.249.65.199 - - [29/Jul/2017:14:47:53 -0400] "GET /robots.txt HTTP/1.1" 404 - "-" "Mozilla/5.0 (compatible; Googlebot/2.1; +http://www.google.com/bot.html)"
66.249.65.197 - - [29/Jul/2017:14:47:53 -0400] "GET /images/2.jpg HTTP/1.1" 304 - "-" "Googlebot-Image/1.0"
66.249.65.201 - - [29/Jul/2017:15:36:42 -0400] "GET / HTTP/1.1" 200 4702 "-" "Mozilla/5.0 (Linux; Android 6.0.1; Nexus 5X Build/MMB29P) AppleWebKit/537.36 (KHTML, like Gecko) Chrome/41.0.2272.96 Mobile Safari/537.36 (compatible; Googlebot/2.1; +http://www.google.com/bot.html)"
66.249.65.201 - - [29/Jul/2017:17:29:00 -0400] "GET / HTTP/1.1" 200 4702 "-" "Mozilla/5.0 (Linux; Android 6.0.1; Nexus 5X Build/MMB29P) AppleWebKit/537.36 (KHTML, like Gecko) Chrome/41.0.2272.96 Mobile Safari/537.36 (compatible; Googlebot/2.1; +http://www.google.com/bot.html)"
66.249.65.199 - - [29/Jul/2017:18:51:34 -0400] "GET / HTTP/1.1" 200 4702 "-" "Mozilla/5.0 (Linux; Android 6.0.1; Nexus 5X Build/MMB29P) AppleWebKit/537.36 (KHTML, like Gecko) Chrome/41.0.2272.96 Mobile Safari/537.36 (compatible; Googlebot/2.1; +http://www.google.com/bot.html)"
66.249.65.197 - - [29/Jul/2017:20:59:19 -0400] "GET / HTTP/1.1" 200 4702 "-" "Mozilla/5.0 (Linux; Android 6.0.1; Nexus 5X Build/MMB29P) AppleWebKit/537.36 (KHTML, like Gecko) Chrome/41.0.2272.96 Mobile Safari/537.36 (compatible; Googlebot/2.1; +http://www.google.com/bot.html)"
66.249.65.201 - - [29/Jul/2017:20:59:20 -0400] "GET /css/socialstyle.css HTTP/1.1" 404 - "http://www.educareit.com/" "Mozilla/5.0 (compatible; Googlebot/2.1; +http://www.google.com/bot.html)"
66.249.65.199 - - [29/Jul/2017:21:54:09 -0400] "GET / HTTP/1.1" 200 4702 "-" "Mozilla/5.0 (Linux; Android 6.0.1; Nexus 5X Build/MMB29P) AppleWebKit/537.36 (KHTML, like Gecko) Chrome/41.0.2272.96 Mobile Safari/537.36 (compatible; Googlebot/2.1; +http://www.google.com/bot.html)"
157.55.39.215 - - [29/Jul/2017:22:38:27 -0400] "GET / HTTP/1.1" 200 4702 "-" "Mozilla/5.0 (compatible; bingbot/2.0; +http://www.bing.com/bingbot.htm)"
66.249.65.201 - - [29/Jul/2017:22:59:28 -0400] "GET /images/oozie.png HTTP/1.1" 304 - "-" "Googlebot-Image/1.0"
66.249.65.201 - - [29/Jul/2017:23:40:36 -0400] "GET / HTTP/1.1" 200 4702 "-" "Mozilla/5.0 (Linux; Android 6.0.1; Nexus 5X Build/MMB29P) AppleWebKit/537.36 (KHTML, like Gecko) Chrome/41.0.2272.96 Mobile Safari/537.36 (compatible; Googlebot/2.1; +http://www.google.com/bot.html)"
188.226.129.55 - - [30/Jul/2017:01:27:06 -0400] "GET / HTTP/1.1" 200 4702 "-" "Mozilla/5.0 (Windows NT 6.0) AppleWebKit/537.36 (KHTML, like Gecko) Chrome/34.0.1847.116 Safari/537.36"
45.119.113.213 - - [30/Jul/2017:01:38:58 -0400] "GET / HTTP/1.1" 200 4702 "-" "Mozilla/5.0 (X11; Linux x86_64) AppleWebKit/537.36 (KHTML, like Gecko) Chrome/59.0.3071.86 Safari/537.36"
45.119.113.213 - - [30/Jul/2017:01:38:59 -0400] "GET /css/socialstyle.css HTTP/1.1" 404 - "http://educareit.com/" "Mozilla/5.0 (X11; Linux x86_64) AppleWebKit/537.36 (KHTML, like Gecko) Chrome/59.0.3071.86 Safari/537.36"
45.119.113.213 - - [30/Jul/2017:01:39:12 -0400] "GET /favicon.ico HTTP/1.1" 404 - "http://educareit.com/" "Mozilla/5.0 (X11; Linux x86_64) AppleWebKit/537.36 (KHTML, like Gecko) Chrome/59.0.3071.86 Safari/537.36"
66.249.69.51 - - [30/Jul/2017:02:07:43 -0400] "GET / HTTP/1.1" 200 4702 "-" "Mozilla/5.0 (Linux; Android 6.0.1; Nexus 5X Build/MMB29P) AppleWebKit/537.36 (KHTML, like Gecko) Chrome/41.0.2272.96 Mobile Safari/537.36 (compatible; Googlebot/2.1; +http://www.google.com/bot.html)"
34.207.245.40 - - [30/Jul/2017:04:15:21 -0400] "GET / HTTP/1.1" 200 4702 "-" "Mozilla/5.0 (Macintosh; Intel Mac OS X 10_12_5) AppleWebKit/537.36 (KHTML, like Gecko) Chrome/58.0.3029.110 Safari/537.36"
66.249.69.51 - - [30/Jul/2017:05:28:57 -0400] "GET /robots.txt HTTP/1.1" 404 - "-" "Mozilla/5.0 (compatible; Googlebot/2.1; +http://www.google.com/bot.html)"
66.249.69.55 - - [30/Jul/2017:05:28:57 -0400] "GET /images/mapr.png HTTP/1.1" 304 - "-" "Googlebot-Image/1.0"
66.249.69.51 - - [30/Jul/2017:05:52:40 -0400] "GET / HTTP/1.1" 200 4702 "-" "Mozilla/5.0 (Linux; Android 6.0.1; Nexus 5X Build/MMB29P) AppleWebKit/537.36 (KHTML, like Gecko) Chrome/41.0.2272.96 Mobile Safari/537.36 (compatible; Googlebot/2.1; +http://www.google.com/bot.html)"
45.127.57.190 - - [30/Jul/2017:08:10:20 -0400] "GET /webmail HTTP/1.1" 301 - "-" "Mozilla/5.0 (Windows NT 10.0; Win64; x64) AppleWebKit/537.36 (KHTML, like Gecko) Chrome/59.0.3071.115 Safari/537.36"
223.31.123.50 - - [30/Jul/2017:08:32:15 -0400] "GET / HTTP/1.1" 200 4702 "-" "Mozilla/5.0 (Windows NT 6.3; Win64; x64) AppleWebKit/537.36 (KHTML, like Gecko) Chrome/59.0.3071.115 Safari/537.36"
223.31.123.50 - - [30/Jul/2017:08:32:16 -0400] "GET /css/socialstyle.css HTTP/1.1" 404 - "http://educareit.com/" "Mozilla/5.0 (Windows NT 6.3; Win64; x64) AppleWebKit/537.36 (KHTML, like Gecko) Chrome/59.0.3071.115 Safari/537.36"
223.31.123.50 - - [30/Jul/2017:08:32:20 -0400] "GET /favicon.ico HTTP/1.1" 404 - "http://educareit.com/" "Mozilla/5.0 (Windows NT 6.3; Win64; x64) AppleWebKit/537.36 (KHTML, like Gecko) Chrome/59.0.3071.115 Safari/537.36"
66.249.69.55 - - [30/Jul/2017:10:14:14 -0400] "GET / HTTP/1.1" 200 4702 "-" "Mozilla/5.0 (Linux; Android 6.0.1; Nexus 5X Build/MMB29P) AppleWebKit/537.36 (KHTML, like Gecko) Chrome/41.0.2272.96 Mobile Safari/537.36 (compatible; Googlebot/2.1; +http://www.google.com/bot.html)"
49.44.86.201 - - [30/Jul/2017:10:31:41 -0400] "GET / HTTP/1.1" 200 4702 "-" "Mozilla/5.0 (Linux; Android 6.0.1; SM-G570F Build/MMB29K) AppleWebKit/537.36 (KHTML, like Gecko) Chrome/59.0.3071.125 Mobile Safari/537.36"
49.44.86.201 - - [30/Jul/2017:10:31:44 -0400] "GET /css/socialstyle.css HTTP/1.1" 404 - "http://www.educareit.com/" "Mozilla/5.0 (Linux; Android 6.0.1; SM-G570F Build/MMB29K) AppleWebKit/537.36 (KHTML, like Gecko) Chrome/59.0.3071.125 Mobile Safari/537.36"
157.55.39.24 - - [30/Jul/2017:12:58:37 -0400] "GET /robots.txt HTTP/1.1" 404 - "-" "Mozilla/5.0 (compatible; bingbot/2.0; +http://www.bing.com/bingbot.htm)"
157.55.39.215 - - [30/Jul/2017:12:58:41 -0400] "GET / HTTP/1.1" 200 4702 "-" "Mozilla/5.0 (compatible; bingbot/2.0; +http://www.bing.com/bingbot.htm)"
66.249.69.55 - - [30/Jul/2017:14:27:48 -0400] "GET / HTTP/1.1" 200 4702 "-" "Mozilla/5.0 (Linux; Android 6.0.1; Nexus 5X Build/MMB29P) AppleWebKit/537.36 (KHTML, like Gecko) Chrome/41.0.2272.96 Mobile Safari/537.36 (compatible; Googlebot/2.1; +http://www.google.com/bot.html)"
176.193.122.26 - - [30/Jul/2017:16:59:30 -0400] "GET / HTTP/1.1" 200 4702 "http://yandex.ru/clck/jsredir?from=yandex.ru%3Bsearch%3Bweb%3B%3B&text=&etext=1498.h3KjochT7a_rfyTFaTClKiVo_SWkmpA4uOEBmIuFKgoe5CWJUIVYxBEr-mEmWAZM.b5c6020c14a535d03d6541ffedd8f06e04eb4d8c&uuid=&state=_BLhILn4SxNIvvL0W45KSic66uCIg23qh8iRG98qeIXmeppkgUc0YGftRg9cP1erjBfVTUcXDXk&data=UlNrNmk5WktYejR0eWJFYk1LdmtxcGJwbllKQ3FIUGQ1MXhuVWdVNXNaeXFMQ0daSEVuNHJEWHJUQlNxLVpTQUZ0NEljeVIyMkpZdGVybjB5ZDZvSVdTdTJEYUlVa2ts&b64e=2&sign=ecb3eb80c01bd98ee156be5bd4ed03b1&keyno=0&cst=AiuY0DBWFJ7IXge4WdYJQYuwSQLovbTT5m6gULhiLnCO2Zo1SQk-kMmz7p70ITesTnVp35vQ0-8nvnlR1ovHI1l_y1aFOuWQTUaKA-c9TqEp6qm75a0xTAG0ILjPTccSNJ7wP9J_hycpYpVCtniysX1W9wMeu_-w&ref=orjY4mGPRjk5boDnW0uvlrrd71vZw9kp5uQozpMtKCUano4BEc9IEaGFWuKlOja-Ucb9SMnBkMd9RM0I8vyIiI76M0VSR6p8ZENmZGibpvQyL5wqyvHdxA&l10n=ru&cts=1501447734793&mc=2.42238434802" "Mozilla/5.0 (Windows NT 6.3; Win64; x64) AppleWebKit/537.36 (KHTML, like Gecko) Chrome/59.0.3071.115 Safari/537.36"
176.193.122.26 - - [30/Jul/2017:16:59:36 -0400] "GET /css/socialstyle.css HTTP/1.1" 404 - "http://educareit.com/" "Mozilla/5.0 (Windows NT 6.3; Win64; x64) AppleWebKit/537.36 (KHTML, like Gecko) Chrome/59.0.3071.115 Safari/537.36"
66.249.69.53 - - [30/Jul/2017:20:48:48 -0400] "GET /robots.txt HTTP/1.1" 404 - "-" "Mozilla/5.0 (compatible; Googlebot/2.1; +http://www.google.com/bot.html)"
66.249.69.53 - - [30/Jul/2017:20:48:48 -0400] "GET / HTTP/1.1" 200 4702 "-" "Mozilla/5.0 (Linux; Android 6.0.1; Nexus 5X Build/MMB29P) AppleWebKit/537.36 (KHTML, like Gecko) Chrome/41.0.2272.96 Mobile Safari/537.36 (compatible; Googlebot/2.1; +http://www.google.com/bot.html)"
66.249.69.55 - - [30/Jul/2017:21:58:54 -0400] "GET /images/malli.png HTTP/1.1" 304 - "-" "Googlebot-Image/1.0"
67.166.68.123 - - [30/Jul/2017:23:12:10 -0400] "GET /images/zookeeper.png HTTP/1.1" 200 8266 "https://www.google.com/" "Mozilla/5.0 (Windows NT 10.0; Win64; x64) AppleWebKit/537.36 (KHTML, like Gecko) Chrome/59.0.3071.115 Safari/537.36"
66.249.69.51 - - [30/Jul/2017:23:26:27 -0400] "GET / HTTP/1.1" 200 4702 "-" "Mozilla/5.0 (Linux; Android 6.0.1; Nexus 5X Build/MMB29P) AppleWebKit/537.36 (KHTML, like Gecko) Chrome/41.0.2272.96 Mobile Safari/537.36 (compatible; Googlebot/2.1; +http://www.google.com/bot.html)"
66.249.69.53 - - [30/Jul/2017:23:26:29 -0400] "GET /css/socialstyle.css HTTP/1.1" 404 - "http://www.educareit.com/" "Mozilla/5.0 (compatible; Googlebot/2.1; +http://www.google.com/bot.html)"
66.249.69.55 - - [30/Jul/2017:23:56:23 -0400] "GET /images/elastic.png HTTP/1.1" 304 - "-" "Googlebot-Image/1.0"
157.55.39.166 - - [31/Jul/2017:00:29:51 -0400] "GET / HTTP/1.1" 200 4702 "-" "Mozilla/5.0 (compatible; bingbot/2.0; +http://www.bing.com/bingbot.htm)"
64.246.165.10 - - [31/Jul/2017:00:43:30 -0400] "GET /robots.txt HTTP/1.0" 404 - "-" "Mozilla/5.0 (Windows; U; Windows NT 5.1; en; rv:1.9.0.13) Gecko/2009073022 Firefox/3.5.2 (.NET CLR 3.5.30729) SurveyBot/2.3 (DomainTools)"
64.246.165.10 - - [31/Jul/2017:00:43:30 -0400] "GET / HTTP/1.1" 200 4702 "http://whois.domaintools.com/educareit.com" "Mozilla/5.0 (Windows; U; Windows NT 5.1; en; rv:1.9.0.13) Gecko/2009073022 Firefox/3.5.2 (.NET CLR 3.5.30729) SurveyBot/2.3 (DomainTools)"
66.249.69.55 - - [31/Jul/2017:00:51:02 -0400] "GET / HTTP/1.1" 200 4702 "-" "Mozilla/5.0 (Linux; Android 6.0.1; Nexus 5X Build/MMB29P) AppleWebKit/537.36 (KHTML, like Gecko) Chrome/41.0.2272.96 Mobile Safari/537.36 (compatible; Googlebot/2.1; +http://www.google.com/bot.html)"
209.99.141.136 - - [31/Jul/2017:01:06:18 -0400] "GET / HTTP/1.1" 200 14439 "-" "=Mozilla/5.0 (Windows; U; Windows NT 6.1; en-US) AppleWebKit/534.16 (KHTML, like Gecko) Chrome/10.0.648.204 Safari/534.16"
157.55.39.24 - - [31/Jul/2017:02:20:36 -0400] "GET /robots.txt HTTP/1.1" 404 - "-" "Mozilla/5.0 (compatible; bingbot/2.0; +http://www.bing.com/bingbot.htm)"
157.55.39.166 - - [31/Jul/2017:02:20:42 -0400] "GET / HTTP/1.1" 200 4702 "-" "Mozilla/5.0 (iPhone; CPU iPhone OS 7_0 like Mac OS X) AppleWebKit/537.51.1 (KHTML, like Gecko) Version/7.0 Mobile/11A465 Safari/9537.53 (compatible; bingbot/2.0; +http://www.bing.com/bingbot.htm)"
66.249.69.53 - - [31/Jul/2017:02:33:05 -0400] "GET / HTTP/1.1" 200 4702 "-" "Mozilla/5.0 (Linux; Android 6.0.1; Nexus 5X Build/MMB29P) AppleWebKit/537.36 (KHTML, like Gecko) Chrome/41.0.2272.96 Mobile Safari/537.36 (compatible; Googlebot/2.1; +http://www.google.com/bot.html)"
40.77.167.14 - - [31/Jul/2017:02:37:38 -0400] "GET /robots.txt HTTP/1.1" 404 - "-" "Mozilla/5.0 (compatible; bingbot/2.0; +http://www.bing.com/bingbot.htm)"
199.30.25.17 - - [31/Jul/2017:02:37:38 -0400] "GET /css/socialstyle.css HTTP/1.1" 404 - "http://educareit.com/" "Mozilla/5.0 (iPhone; CPU iPhone OS 7_0 like Mac OS X) AppleWebKit/537.51.1 (KHTML, like Gecko) Version/7.0 Mobile/11A465 Safari/9537.53 BingPreview/1.0b"
66.249.69.81 - - [31/Jul/2017:03:14:06 -0400] "GET /robots.txt HTTP/1.1" 404 - "-" "Mozilla/5.0 (compatible; Googlebot/2.1; +http://www.google.com/bot.html)"
66.249.69.79 - - [31/Jul/2017:03:14:06 -0400] "GET /css/socialstyle.css HTTP/1.1" 404 - "http://educareit.com/" "Mozilla/5.0 (compatible; Googlebot/2.1; +http://www.google.com/bot.html)"
52.204.49.31 - - [31/Jul/2017:04:18:47 -0400] "GET / HTTP/1.1" 200 4702 "-" "Mozilla/5.0 (Macintosh; Intel Mac OS X 10_12_5) AppleWebKit/537.36 (KHTML, like Gecko) Chrome/58.0.3029.110 Safari/537.36"
183.99.121.140 - - [31/Jul/2017:04:53:54 -0400] "GET /images/zookeeper.png HTTP/1.1" 200 8266 "https://www.google.co.kr/" "Mozilla/5.0 (X11; Linux x86_64) AppleWebKit/537.36 (KHTML, like Gecko) Chrome/58.0.3029.96 Safari/537.36"
66.249.69.55 - - [31/Jul/2017:06:58:04 -0400] "GET / HTTP/1.1" 200 4702 "-" "Mozilla/5.0 (Linux; Android 6.0.1; Nexus 5X Build/MMB29P) AppleWebKit/537.36 (KHTML, like Gecko) Chrome/41.0.2272.96 Mobile Safari/537.36 (compatible; Googlebot/2.1; +http://www.google.com/bot.html)"
66.249.69.79 - - [31/Jul/2017:07:34:00 -0400] "GET / HTTP/1.1" 200 4702 "-" "Mozilla/5.0 (compatible; Googlebot/2.1; +http://www.google.com/bot.html)"
49.206.210.4 - - [31/Jul/2017:08:03:17 -0400] "GET / HTTP/1.1" 200 4702 "-" "Mozilla/5.0 (Windows NT 10.0; Win64; x64) AppleWebKit/537.36 (KHTML, like Gecko) Chrome/51.0.2704.79 Safari/537.36 Edge/14.14393"
49.206.210.4 - - [31/Jul/2017:08:03:17 -0400] "GET /css/socialstyle.css HTTP/1.1" 404 - "http://educareit.com/" "Mozilla/5.0 (Windows NT 10.0; Win64; x64) AppleWebKit/537.36 (KHTML, like Gecko) Chrome/51.0.2704.79 Safari/537.36 Edge/14.14393"
49.206.210.4 - - [31/Jul/2017:08:03:20 -0400] "GET /favicon.ico HTTP/1.1" 404 - "-" "Mozilla/5.0 (Windows NT 10.0; Win64; x64) AppleWebKit/537.36 (KHTML, like Gecko) Chrome/51.0.2704.79 Safari/537.36 Edge/14.14393"
